2026-09-24 09:54:51 ERROR [com.example.api.App.main()] com.example.repo.DatabaseConnection - Database could not connect
2026-09-24 09:54:51 WARN  [com.example.api.App.main()] com.example.repo.Accounthandler - Vaildate pin was not successful database encountered an error
2026-09-24 09:55:34 ERROR [com.example.api.App.main()] com.example.repo.DatabaseConnection - Database could not connect
2026-09-24 09:55:34 WARN  [com.example.api.App.main()] com.example.repo.Accounthandler - Vaildate pin was not successful database encountered an error
2026-09-24 10:18:38 INFO  [com.example.api.App.main()] com.example.business.accounts - Account was created returned pin is: 5
2026-09-24 10:18:54 INFO  [com.example.api.App.main()] com.example.business.accounts - Account 5 authenticated successfully
2026-09-24 10:18:54 INFO  [com.example.api.App.main()] com.example.business.accounts - Depoist successful for account 5. Amount 5000
2026-09-24 10:19:03 INFO  [com.example.api.App.main()] com.example.repo.Accounthandler - Withdraw was successful
2026-09-24 10:29:53 INFO  [com.example.api.App.main()] com.example.repo.Accounthandler - Account ID does exist
2026-09-24 10:34:39 INFO  [com.example.api.App.main()] com.example.repo.Accounthandler - Withdraw was successful
2026-09-24 10:34:52 INFO  [com.example.api.App.main()] com.example.business.accounts - Account 5 authenticated successfully
2026-09-24 10:34:52 INFO  [com.example.api.App.main()] com.example.business.accounts - Depoist successful for account 5. Amount 5000
2026-09-24 10:35:35 INFO  [com.example.api.App.main()] com.example.repo.Accounthandler - Account ID does exist
2026-09-24 10:39:23 INFO  [com.example.api.App.main()] com.example.repo.Accounthandler - Account ID does exist
2026-09-24 10:42:44 INFO  [com.example.api.App.main()] com.example.repo.Accounthandler - Account ID does exist 5
2026-09-24 10:58:01 INFO  [com.example.api.App.main()] com.example.business.accounts - Account 1 authenticated successfully
2026-09-24 10:58:01 INFO  [com.example.api.App.main()] com.example.business.accounts - Depoist successful for account 1. Amount 1000
2026-09-24 11:01:44 INFO  [com.example.api.App.main()] com.example.repo.Accounthandler - Account ID does exist 1
2026-09-24 11:05:46 INFO  [com.example.api.App.main()] com.example.repo.Accounthandler - Account ID does exist 1
2026-09-24 11:05:46 INFO  [com.example.api.App.main()] com.example.business.accounts - Receiver ID: 1, exists: true
2026-09-24 11:05:46 INFO  [com.example.api.App.main()] com.example.repo.Accounthandler - Account ID does exist 1
2026-09-24 11:11:59 INFO  [com.example.api.App.main()] com.example.repo.Accounthandler - Account ID does exist 1
2026-09-24 11:11:59 INFO  [com.example.api.App.main()] com.example.business.accounts - Receiver ID: 1, exists: true
2026-09-24 11:11:59 INFO  [com.example.api.App.main()] com.example.repo.Accounthandler - Account ID does exist 1
2026-09-24 11:11:59 INFO  [com.example.api.App.main()] com.example.repo.Accounthandler - Sender rows affected: 1
2026-09-24 11:11:59 INFO  [com.example.api.App.main()] com.example.repo.Accounthandler - Receiver rows affected: 1
2026-09-24 11:14:54 INFO  [com.example.api.App.main()] com.example.repo.Accounthandler - Account ID does exist 1
2026-09-24 11:14:54 INFO  [com.example.api.App.main()] com.example.business.accounts - Receiver ID: 1, exists: true
2026-09-24 11:14:54 INFO  [com.example.api.App.main()] com.example.repo.Accounthandler - Account ID does exist 1
2026-09-24 11:14:54 INFO  [com.example.api.App.main()] com.example.repo.Accounthandler - Sender rows affected: 1
2026-09-24 11:14:54 INFO  [com.example.api.App.main()] com.example.repo.Accounthandler - Receiver rows affected: 1
2026-09-24 12:37:09 INFO  [com.example.api.App.main()] com.example.repo.Accounthandler - Invalid pin or accountID
2026-09-24 12:38:21 INFO  [com.example.api.App.main()] com.example.repo.Accounthandler - Invalid pin or accountID
2026-09-24 12:40:36 INFO  [com.example.api.App.main()] com.example.repo.Accounthandler - Invalid pin or accountID
2026-09-24 12:40:42 INFO  [com.example.api.App.main()] com.example.repo.Accounthandler - Invalid pin or accountID
2026-09-24 12:41:13 INFO  [com.example.api.App.main()] com.example.business.accounts - Account 5 authenticated successfully
2026-09-24 12:41:13 INFO  [com.example.api.App.main()] com.example.business.accounts - Depoist successful for account 5. Amount 5000
2026-09-24 12:41:23 INFO  [com.example.api.App.main()] com.example.repo.Accounthandler - Withdraw was successful
